../Audio_Input_Driver/Src/audio.c:78:6:performFFT	32	static
../Audio_Input_Driver/Src/audio.c:116:6:process_signal	40	static
../Audio_Input_Driver/Src/audio.c:164:7:mean	40	static
../Audio_Input_Driver/Src/audio.c:193:6:sortvalues	48	static
../Audio_Input_Driver/Src/audio.c:223:6:generateHammingWindow	16	static
../Audio_Input_Driver/Src/audio.c:242:6:generateHannWindow	16	static
../Audio_Input_Driver/Src/audio.c:263:6:applyWindow	24	static
../Audio_Input_Driver/Src/audio.c:285:7:compute_energy	24	static
../Audio_Input_Driver/Src/audio.c:312:5:estimate_delay	48	static
../Audio_Input_Driver/Src/audio.c:353:5:beamform_direction	56	static
../Audio_Input_Driver/Src/audio.c:373:6:delay_estimator_init	8	static
../Audio_Input_Driver/Src/audio.c:383:5:estimate_delay_fast	88	static
